
====================================================================
  Phase 3 DAG Scheduling — Hold-or-Not-Hold RL
  Algorithms       : ['a2c']
  State dim/actions: 88/7
  Train/Test eps   : 3/1
  Episode cap      : 900.0s, 120 HNH
  alpha=0.75 beta=0.75 lr=0.0001 gamma=0.8
====================================================================

====================================================================
  Training A2C on Phase 3 DAG simulator (3 episodes)
====================================================================
  Episode   1 done | Steps:    7 | MeanR: 0.4992 | Hold%:  85.7 | Stalls:     1 | Reward:    3.494
  Episode   2 done | Steps:   59 | MeanR: 0.5372 | Hold%:  86.4 | Stalls:     8 | Reward:   31.692
  Episode   3 done | Steps:    1 | MeanR: 0.4938 | Hold%: 100.0 | Stalls:     0 | Reward:    0.494

====================================================================
  Evaluating baselines
====================================================================
  Evaluating baseline: No Hold...
    No Hold    | Done%:   0.0 | Evict%:   2.9 | Hold%:   0.0 | Stalls:    30.0 | Reward:   17.100
  Evaluating baseline: Heuristic...
    Heuristic  | Done%:   0.7 | Evict%:   0.0 | Hold%: 100.0 | Stalls:     0.0 | Reward:    5.625
  Evaluating baseline: GPU Guard...
    GPU Guard  | Done%:   0.7 | Evict%:   0.0 | Hold%: 100.0 | Stalls:     0.0 | Reward:    5.492

====================================================================
  Evaluating RL agents
====================================================================
  Evaluating A2C (1 episodes)...
    A2C        | Done%:   1.0 | Evict%:   0.0 | Hold%: 100.0 | Stalls:     0.0 | Reward:    7.931

============================================================================================
  RESULTS TABLE — Phase 3 DAG Scheduling HNH
============================================================================================
  Method          Done%   Failed%   Evict%    Hold%   Stalls      AvgR     Reward
  ----------------------------------------------------------------------------------
  No Hold          0.0      1.2     2.9     0.0     30.0    0.5700     17.100
  Heuristic        0.7      0.0     0.0   100.0      0.0    0.5625      5.625
  GPU Guard        0.7      0.0     0.0   100.0      0.0    0.5492      5.492
  A2C              1.0      0.0     0.0   100.0      0.0    0.5665      7.931
  Summary saved to /Users/raghav_sarna/Desktop/Drive/Plaksha/Semester 6/RL/Optima_RL/phase-3/algoImplementation/results/summary.json

  All done. Results are in phase-3/algoImplementation/results/
