==============================================================================
PHASE 3 BENCHMARK CHECK: A2C
==============================================================================
Agent metrics: completed=3.17% | stalls=0.00 | evicted=0.00% | failed=0.00% | avg_reward=0.5707
------------------------------------------------------------------------------
PASS vs no_hold: 5/5 metrics non-worse (tolerance=1e-06)
  OK  completed_pct    direction=higher agent=   3.1725 baseline=   0.0000 delta=   3.1725
  OK  pipeline_stalls  direction=lower  agent=   0.0000 baseline=  88.5000 delta= -88.5000
  OK  evicted_pct      direction=lower  agent=   0.0000 baseline=  35.2250 delta= -35.2250
  OK  failed_pct       direction=lower  agent=   0.0000 baseline=  12.6325 delta= -12.6325
  OK  avg_reward       direction=higher agent=   0.5707 baseline=   0.5531 delta=   0.0176
------------------------------------------------------------------------------
PASS vs heuristic: 5/5 metrics non-worse (tolerance=1e-06)
  OK  completed_pct    direction=higher agent=   3.1725 baseline=   0.9650 delta=   2.2075
  OK  pipeline_stalls  direction=lower  agent=   0.0000 baseline=   0.0000 delta=   0.0000
  OK  evicted_pct      direction=lower  agent=   0.0000 baseline=   0.0000 delta=   0.0000
  OK  failed_pct       direction=lower  agent=   0.0000 baseline=   0.0000 delta=   0.0000
  OK  avg_reward       direction=higher agent=   0.5707 baseline=   0.5480 delta=   0.0227
------------------------------------------------------------------------------
PASS vs gpu_guard: 5/5 metrics non-worse (tolerance=1e-06)
  OK  completed_pct    direction=higher agent=   3.1725 baseline=   0.9650 delta=   2.2075
  OK  pipeline_stalls  direction=lower  agent=   0.0000 baseline=   0.0000 delta=   0.0000
  OK  evicted_pct      direction=lower  agent=   0.0000 baseline=   0.0000 delta=   0.0000
  OK  failed_pct       direction=lower  agent=   0.0000 baseline=   0.0000 delta=   0.0000
  OK  avg_reward       direction=higher agent=   0.5707 baseline=   0.5250 delta=   0.0458
------------------------------------------------------------------------------
OVERALL: PASS
