
====================================================================
  Phase 3 DAG Scheduling — Hold-or-Not-Hold RL
  Algorithms       : ['a2c']
  State dim/actions: 88/7
  Train/Test eps   : 8/4
  Episode cap      : 1200.0s, 160 HNH
  alpha=0.75 beta=0.75 lr=0.0001 gamma=0.8
====================================================================

====================================================================
  Training A2C on Phase 3 DAG simulator (8 episodes)
====================================================================
  Episode   1 done | Steps:    8 | MeanR: 0.5071 | Hold%: 100.0 | Stalls:     0 | Reward:    4.057
  Episode   2 done | Steps:   69 | MeanR: 0.5606 | Hold%:  85.5 | Stalls:    10 | Reward:   38.680
  Episode   3 done | Steps:    1 | MeanR: 0.5321 | Hold%: 100.0 | Stalls:     0 | Reward:    0.532
  Ep   4 | Step    100 | AvgR: 0.5539 | Loss: 2.4269 | Hold%:  90.9 | Evict%:   1.3 | Done%:  13.2 | 0s
  Episode   4 done | Steps:   72 | MeanR: 0.5543 | Hold%:  88.9 | Stalls:     8 | Reward:   39.912
  Ep   5 | Step    200 | AvgR: 0.5518 | Loss: 2.8293 | Hold%:  88.0 | Evict%:   3.2 | Done%:  23.5 | 0s
  Episode   5 done | Steps:   81 | MeanR: 0.5405 | Hold%:  86.4 | Stalls:    11 | Reward:   43.784
  Episode   6 done | Steps:   48 | MeanR: 0.5369 | Hold%:  93.8 | Stalls:     3 | Reward:   25.769
  Episode   7 done | Steps:   14 | MeanR: 0.5535 | Hold%:  78.6 | Stalls:     3 | Reward:    7.748
  Ep   8 | Step    300 | AvgR: 0.5474 | Loss: 3.0036 | Hold%: 100.0 | Evict%:   0.0 | Done%:   5.1 | 0s
  Episode   8 done | Steps:   58 | MeanR: 0.4917 | Hold%:  87.9 | Stalls:     7 | Reward:   28.520

====================================================================
  Evaluating baselines
====================================================================
  Evaluating baseline: No Hold...
    No Hold    | Done%:   0.0 | Evict%:  35.2 | Hold%:   0.0 | Stalls:    88.5 | Reward:   49.500
  Evaluating baseline: Heuristic...
    Heuristic  | Done%:   1.0 | Evict%:   0.0 | Hold%: 100.0 | Stalls:     0.0 | Reward:    4.963
  Evaluating baseline: GPU Guard...
    GPU Guard  | Done%:   1.0 | Evict%:   0.0 | Hold%: 100.0 | Stalls:     0.0 | Reward:    4.762

====================================================================
  Evaluating RL agents
====================================================================
  Evaluating A2C (4 episodes)...
    A2C        | Done%:   3.2 | Evict%:   0.0 | Hold%: 100.0 | Stalls:     0.0 | Reward:    9.811

============================================================================================
  RESULTS TABLE — Phase 3 DAG Scheduling HNH
============================================================================================
  Method          Done%   Failed%   Evict%    Hold%   Stalls      AvgR     Reward
  ----------------------------------------------------------------------------------
  No Hold          0.0     12.6    35.2     0.0     88.5    0.5531     49.500
  Heuristic        1.0      0.0     0.0   100.0      0.0    0.5480      4.963
  GPU Guard        1.0      0.0     0.0   100.0      0.0    0.5250      4.762
  A2C              3.2      0.0     0.0   100.0      0.0    0.5707      9.811
  Summary saved to /Users/raghav_sarna/Desktop/Drive/Plaksha/Semester 6/RL/Optima_RL/phase-3/algoImplementation/results/summary.json

  All done. Results are in phase-3/algoImplementation/results/
